ukhpi-comparison-all-avg-england-from-2015-09-01-to-2025-09-23.csv
"Name","URI","Region GSS code","Period","Sales volume","Reporting period","Average price All property types","Pivotable date"
East Midlands,http://landregistry.data.gov.uk/id/region/east-midlands,E12000004,2015-09,7073,monthly,156162,2015-09-01
East Midlands,http://landregistry.data.gov.uk/id/region/east-midlands,E12000004,2015-10,8037,monthly,157700,2015-10-01
East Midlands,http://landregistry.data.gov.uk/id/region/east-midlands,E12000004,2015-11,7281,monthly,158364,2015-11-01
East Midlands,http://landregistry.data.gov.uk/id/region/east-midlands,E12000004,2015-12,7640,monthly,158962,2015-12-01
East Midlands,http://landregistry.data.gov.uk/id/region/east-midlands,E12000004,2016-01,5414,monthly,158831,2016-01-01
East Midlands,http://landregistry.data.gov.uk/id/region/east-midlands,E12000004,2016-02,5805,monthly,158290,2016-02-01
East Midlands,http://landregistry.data.gov.uk/id/region/east-midlands,E12000004,2016-03,10702,monthly,159052,2016-03-01
East Midlands,http://landregistry.data.gov.uk/id/region/east-midlands,E12000004,2016-04,5087,monthly,161689,2016-04-01
East Midlands,http://landregistry.data.gov.uk/id/region/east-midlands,E12000004,2016-05,5824,monthly,162514,2016-05-01
East Midlands,http://landregistry.data.gov.uk/id/region/east-midlands,E12000004,2016-06,7044,monthly,163785,2016-06-01
East Midlands,http://landregistry.data.gov.uk/id/region/east-midlands,E12000004,2016-07,7101,monthly,165414,2016-07-01
East Midlands,http://landregistry.data.gov.uk/id/region/east-midlands,E12000004,2016-08,7540,monthly,166249,2016-08-01
East Midlands,http://landregistry.data.gov.uk/id/region/east-midlands,E12000004,2016-09,7437,monthly,166849,2016-09-01
East Midlands,http://landregistry.data.gov.uk/id/region/east-midlands,E12000004,2016-10,6766,monthly,166085,2016-10-01
East Midlands,http://landregistry.data.gov.uk/id/region/east-midlands,E12000004,2016-11,7172,monthly,167427,2016-11-01
East Midlands,http://landregistry.data.gov.uk/id/region/east-midlands,E12000004,2016-12,7739,monthly,168191,2016-12-01
East Midlands,http://landregistry.data.gov.uk/id/region/east-midlands,E12000004,2017-01,5178,monthly,166547,2017-01-01
East Midlands,http://landregistry.data.gov.uk/id/region/east-midlands,E12000004,2017-02,5420,monthly,168619,2017-02-01
East Midlands,http://landregistry.data.gov.uk/id/region/east-midlands,E12000004,2017-03,6958,monthly,168470,2017-03-01
East Midlands,http://landregistry.data.gov.uk/id/region/east-midlands,E12000004,2017-04,5864,monthly,171346,2017-04-01
East Midlands,http://landregistry.data.gov.uk/id/region/east-midlands,E12000004,2017-05,6544,monthly,172332,2017-05-01
East Midlands,http://landregistry.data.gov.uk/id/region/east-midlands,E12000004,2017-06,8030,monthly,173524,2017-06-01
East Midlands,http://landregistry.data.gov.uk/id/region/east-midlands,E12000004,2017-07,7121,monthly,176382,2017-07-01
East Midlands,http://landregistry.data.gov.uk/id/region/east-midlands,E12000004,2017-08,7580,monthly,175988,2017-08-01
East Midlands,http://landregistry.data.gov.uk/id/region/east-midlands,E12000004,2017-09,7393,monthly,177002,2017-09-01
East Midlands,http://landregistry.data.gov.uk/id/region/east-midlands,E12000004,2017-10,7433,monthly,177222,2017-10-01
East Midlands,http://landregistry.data.gov.uk/id/region/east-midlands,E12000004,2017-11,7333,monthly,177154,2017-11-01
East Midlands,http://landregistry.data.gov.uk/id/region/east-midlands,E12000004,2017-12,7401,monthly,178086,2017-12-01
East Midlands,http://landregistry.data.gov.uk/id/region/east-midlands,E12000004,2018-01,5336,monthly,177732,2018-01-01
East Midlands,http://landregistry.data.gov.uk/id/region/east-midlands,E12000004,2018-02,5509,monthly,180294,2018-02-01
East Midlands,http://landregistry.data.gov.uk/id/region/east-midlands,E12000004,2018-03,6451,monthly,177993,2018-03-01
East Midlands,http://landregistry.data.gov.uk/id/region/east-midlands,E12000004,2018-04,5709,monthly,180334,2018-04-01
East Midlands,http://landregistry.data.gov.uk/id/region/east-midlands,E12000004,2018-05,6536,monthly,181826,2018-05-01
East Midlands,http://landregistry.data.gov.uk/id/region/east-midlands,E12000004,2018-06,7605,monthly,182243,2018-06-01
East Midlands,http://landregistry.data.gov.uk/id/region/east-midlands,E12000004,2018-07,6802,monthly,184142,2018-07-01
East Midlands,http://landregistry.data.gov.uk/id/region/east-midlands,E12000004,2018-08,8115,monthly,185470,2018-08-01
East Midlands,http://landregistry.data.gov.uk/id/region/east-midlands,E12000004,2018-09,6519,monthly,186856,2018-09-01
East Midlands,http://landregistry.data.gov.uk/id/region/east-midlands,E12000004,2018-10,7429,monthly,184561,2018-10-01
East Midlands,http://landregistry.data.gov.uk/id/region/east-midlands,E12000004,2018-11,7867,monthly,185825,2018-11-01
East Midlands,http://landregistry.data.gov.uk/id/region/east-midlands,E12000004,2018-12,6822,monthly,184588,2018-12-01
East Midlands,http://landregistry.data.gov.uk/id/region/east-midlands,E12000004,2019-01,5024,monthly,184148,2019-01-01
East Midlands,http://landregistry.data.gov.uk/id/region/east-midlands,E12000004,2019-02,5498,monthly,183910,2019-02-01
East Midlands,http://landregistry.data.gov.uk/id/region/east-midlands,E12000004,2019-03,6127,monthly,183521,2019-03-01
East Midlands,http://landregistry.data.gov.uk/id/region/east-midlands,E12000004,2019-04,5814,monthly,184470,2019-04-01
East Midlands,http://landregistry.data.gov.uk/id/region/east-midlands,E12000004,2019-05,6440,monthly,184812,2019-05-01
East Midlands,http://landregistry.data.gov.uk/id/region/east-midlands,E12000004,2019-06,6759,monthly,184910,2019-06-01
East Midlands,http://landregistry.data.gov.uk/id/region/east-midlands,E12000004,2019-07,6776,monthly,186307,2019-07-01
East Midlands,http://landregistry.data.gov.uk/id/region/east-midlands,E12000004,2019-08,7403,monthly,188104,2019-08-01
East Midlands,http://landregistry.data.gov.uk/id/region/east-midlands,E12000004,2019-09,6683,monthly,187643,2019-09-01
East Midlands,http://landregistry.data.gov.uk/id/region/east-midlands,E12000004,2019-10,6992,monthly,187487,2019-10-01
East Midlands,http://landregistry.data.gov.uk/id/region/east-midlands,E12000004,2019-11,7285,monthly,187649,2019-11-01
East Midlands,http://landregistry.data.gov.uk/id/region/east-midlands,E12000004,2019-12,6548,monthly,187279,2019-12-01
East Midlands,http://landregistry.data.gov.uk/id/region/east-midlands,E12000004,2020-01,5049,monthly,187868,2020-01-01
East Midlands,http://landregistry.data.gov.uk/id/region/east-midlands,E12000004,2020-02,5326,monthly,186308,2020-02-01
East Midlands,http://landregistry.data.gov.uk/id/region/east-midlands,E12000004,2020-03,5233,monthly,188446,2020-03-01
East Midlands,http://landregistry.data.gov.uk/id/region/east-midlands,E12000004,2020-04,2128,monthly,187949,2020-04-01
East Midlands,http://landregistry.data.gov.uk/id/region/east-midlands,E12000004,2020-05,3185,monthly,187382,2020-05-01
East Midlands,http://landregistry.data.gov.uk/id/region/east-midlands,E12000004,2020-06,4677,monthly,191136,2020-06-01
East Midlands,http://landregistry.data.gov.uk/id/region/east-midlands,E12000004,2020-07,5127,monthly,193004,2020-07-01
East Midlands,http://landregistry.data.gov.uk/id/region/east-midlands,E12000004,2020-08,5292,monthly,193470,2020-08-01
East Midlands,http://landregistry.data.gov.uk/id/region/east-midlands,E12000004,2020-09,5673,monthly,194142,2020-09-01
East Midlands,http://landregistry.data.gov.uk/id/region/east-midlands,E12000004,2020-10,7147,monthly,196846,2020-10-01
East Midlands,http://landregistry.data.gov.uk/id/region/east-midlands,E12000004,2020-11,7067,monthly,199379,2020-11-01
East Midlands,http://landregistry.data.gov.uk/id/region/east-midlands,E12000004,2020-12,7696,monthly,201798,2020-12-01
East Midlands,http://landregistry.data.gov.uk/id/region/east-midlands,E12000004,2021-01,6122,monthly,202133,2021-01-01
East Midlands,http://landregistry.data.gov.uk/id/region/east-midlands,E12000004,2021-02,8032,monthly,204514,2021-02-01
East Midlands,http://landregistry.data.gov.uk/id/region/east-midlands,E12000004,2021-03,10789,monthly,205588,2021-03-01
East Midlands,http://landregistry.data.gov.uk/id/region/east-midlands,E12000004,2021-04,7545,monthly,202601,2021-04-01
East Midlands,http://landregistry.data.gov.uk/id/region/east-midlands,E12000004,2021-05,6663,monthly,203546,2021-05-01
East Midlands,http://landregistry.data.gov.uk/id/region/east-midlands,E12000004,2021-06,12713,monthly,215392,2021-06-01
East Midlands,http://landregistry.data.gov.uk/id/region/east-midlands,E12000004,2021-07,5821,monthly,202813,2021-07-01
East Midlands,http://landregistry.data.gov.uk/id/region/east-midlands,E12000004,2021-08,7257,monthly,209343,2021-08-01
East Midlands,http://landregistry.data.gov.uk/id/region/east-midlands,E12000004,2021-09,11848,monthly,217444,2021-09-01
East Midlands,http://landregistry.data.gov.uk/id/region/east-midlands,E12000004,2021-10,5187,monthly,212790,2021-10-01
East Midlands,http://landregistry.data.gov.uk/id/region/east-midlands,E12000004,2021-11,6341,monthly,216112,2021-11-01
East Midlands,http://landregistry.data.gov.uk/id/region/east-midlands,E12000004,2021-12,7198,monthly,218318,2021-12-01
East Midlands,http://landregistry.data.gov.uk/id/region/east-midlands,E12000004,2022-01,5288,monthly,219956,2022-01-01
East Midlands,http://landregistry.data.gov.uk/id/region/east-midlands,E12000004,2022-02,6316,monthly,221012,2022-02-01
East Midlands,http://landregistry.data.gov.uk/id/region/east-midlands,E12000004,2022-03,6979,monthly,222760,2022-03-01
East Midlands,http://landregistry.data.gov.uk/id/region/east-midlands,E12000004,2022-04,6550,monthly,224769,2022-04-01
East Midlands,http://landregistry.data.gov.uk/id/region/east-midlands,E12000004,2022-05,6531,monthly,226878,2022-05-01
East Midlands,http://landregistry.data.gov.uk/id/region/east-midlands,E12000004,2022-06,6922,monthly,231038,2022-06-01
East Midlands,http://landregistry.data.gov.uk/id/region/east-midlands,E12000004,2022-07,7077,monthly,233487,2022-07-01
East Midlands,http://landregistry.data.gov.uk/id/region/east-midlands,E12000004,2022-08,7176,monthly,237151,2022-08-01
East Midlands,http://landregistry.data.gov.uk/id/region/east-midlands,E12000004,2022-09,7281,monthly,236940,2022-09-01
East Midlands,http://landregistry.data.gov.uk/id/region/east-midlands,E12000004,2022-10,6871,monthly,237264,2022-10-01
East Midlands,http://landregistry.data.gov.uk/id/region/east-midlands,E12000004,2022-11,7058,monthly,237753,2022-11-01
East Midlands,http://landregistry.data.gov.uk/id/region/east-midlands,E12000004,2022-12,6926,monthly,237956,2022-12-01
East Midlands,http://landregistry.data.gov.uk/id/region/east-midlands,E12000004,2023-01,4422,monthly,235315,2023-01-01
East Midlands,http://landregistry.data.gov.uk/id/region/east-midlands,E12000004,2023-02,4557,monthly,232456,2023-02-01
East Midlands,http://landregistry.data.gov.uk/id/region/east-midlands,E12000004,2023-03,5422,monthly,229868,2023-03-01
East Midlands,http://landregistry.data.gov.uk/id/region/east-midlands,E12000004,2023-04,3781,monthly,230965,2023-04-01
East Midlands,http://landregistry.data.gov.uk/id/region/east-midlands,E12000004,2023-05,4337,monthly,229615,2023-05-01
East Midlands,http://landregistry.data.gov.uk/id/region/east-midlands,E12000004,2023-06,5402,monthly,232790,2023-06-01
East Midlands,http://landregistry.data.gov.uk/id/region/east-midlands,E12000004,2023-07,4752,monthly,233810,2023-07-01
East Midlands,http://landregistry.data.gov.uk/id/region/east-midlands,E12000004,2023-08,5466,monthly,235914,2023-08-01
East Midlands,http://landregistry.data.gov.uk/id/region/east-midlands,E12000004,2023-09,5092,monthly,233437,2023-09-01
East Midlands,http://landregistry.data.gov.uk/id/region/east-midlands,E12000004,2023-10,5190,monthly,232325,2023-10-01
East Midlands,http://landregistry.data.gov.uk/id/region/east-midlands,E12000004,2023-11,5017,monthly,233029,2023-11-01
East Midlands,http://landregistry.data.gov.uk/id/region/east-midlands,E12000004,2023-12,4986,monthly,229757,2023-12-01
East Midlands,http://landregistry.data.gov.uk/id/region/east-midlands,E12000004,2024-01,3666,monthly,227053,2024-01-01
East Midlands,http://landregistry.data.gov.uk/id/region/east-midlands,E12000004,2024-02,4455,monthly,227623,2024-02-01
East Midlands,http://landregistry.data.gov.uk/id/region/east-midlands,E12000004,2024-03,4929,monthly,227703,2024-03-01
East Midlands,http://landregistry.data.gov.uk/id/region/east-midlands,E12000004,2024-04,4550,monthly,227940,2024-04-01
East Midlands,http://landregistry.data.gov.uk/id/region/east-midlands,E12000004,2024-05,5574,monthly,230613,2024-05-01
East Midlands,http://landregistry.data.gov.uk/id/region/east-midlands,E12000004,2024-06,5535,monthly,228627,2024-06-01
East Midlands,http://landregistry.data.gov.uk/id/region/east-midlands,E12000004,2024-07,5958,monthly,233319,2024-07-01
East Midlands,http://landregistry.data.gov.uk/id/region/east-midlands,E12000004,2024-08,6592,monthly,234304,2024-08-01
East Midlands,http://landregistry.data.gov.uk/id/region/east-midlands,E12000004,2024-09,5730,monthly,234852,2024-09-01
East Midlands,http://landregistry.data.gov.uk/id/region/east-midlands,E12000004,2024-10,6241,monthly,236367,2024-10-01
East Midlands,http://landregistry.data.gov.uk/id/region/east-midlands,E12000004,2024-11,6209,monthly,236436,2024-11-01
East Midlands,http://landregistry.data.gov.uk/id/region/east-midlands,E12000004,2024-12,5446,monthly,238712,2024-12-01
East Midlands,http://landregistry.data.gov.uk/id/region/east-midlands,E12000004,2025-01,4192,monthly,237578,2025-01-01
East Midlands,http://landregistry.data.gov.uk/id/region/east-midlands,E12000004,2025-02,4751,monthly,239235,2025-02-01
East Midlands,http://landregistry.data.gov.uk/id/region/east-midlands,E12000004,2025-03,8077,monthly,242636,2025-03-01
East Midlands,http://landregistry.data.gov.uk/id/region/east-midlands,E12000004,2025-04,2021,monthly,234243,2025-04-01
East Midlands,http://landregistry.data.gov.uk/id/region/east-midlands,E12000004,2025-05,3324,monthly,238083,2025-05-01
East Midlands,http://landregistry.data.gov.uk/id/region/east-midlands,E12000004,2025-06,3494,monthly,239773,2025-06-01
East Midlands,http://landregistry.data.gov.uk/id/region/east-midlands,E12000004,2025-07,,monthly,241831,2025-07-01
East Midlands,http://landregistry.data.gov.uk/id/region/east-midlands,E12000004,2025-08,,monthly,244677,2025-08-01
