ukhpi-comparison-all-avg-england-from-2015-09-01-to-2025-09-23.csv
"Name","URI","Region GSS code","Period","Sales volume","Reporting period","Average price All property types","Pivotable date"
England,http://landregistry.data.gov.uk/id/region/england,E92000001,2015-09,80192,monthly,204263,2015-09-01
England,http://landregistry.data.gov.uk/id/region/england,E92000001,2015-10,88132,monthly,204572,2015-10-01
England,http://landregistry.data.gov.uk/id/region/england,E92000001,2015-11,78861,monthly,206293,2015-11-01
England,http://landregistry.data.gov.uk/id/region/england,E92000001,2015-12,80366,monthly,207315,2015-12-01
England,http://landregistry.data.gov.uk/id/region/england,E92000001,2016-01,59992,monthly,208050,2016-01-01
England,http://landregistry.data.gov.uk/id/region/england,E92000001,2016-02,65124,monthly,208301,2016-02-01
England,http://landregistry.data.gov.uk/id/region/england,E92000001,2016-03,119302,monthly,210224,2016-03-01
England,http://landregistry.data.gov.uk/id/region/england,E92000001,2016-04,52590,monthly,211282,2016-04-01
England,http://landregistry.data.gov.uk/id/region/england,E92000001,2016-05,60179,monthly,213723,2016-05-01
England,http://landregistry.data.gov.uk/id/region/england,E92000001,2016-06,74259,monthly,215668,2016-06-01
England,http://landregistry.data.gov.uk/id/region/england,E92000001,2016-07,77919,monthly,217970,2016-07-01
England,http://landregistry.data.gov.uk/id/region/england,E92000001,2016-08,79655,monthly,218261,2016-08-01
England,http://landregistry.data.gov.uk/id/region/england,E92000001,2016-09,76114,monthly,217952,2016-09-01
England,http://landregistry.data.gov.uk/id/region/england,E92000001,2016-10,70825,monthly,217098,2016-10-01
England,http://landregistry.data.gov.uk/id/region/england,E92000001,2016-11,74097,monthly,218146,2016-11-01
England,http://landregistry.data.gov.uk/id/region/england,E92000001,2016-12,79605,monthly,218965,2016-12-01
England,http://landregistry.data.gov.uk/id/region/england,E92000001,2017-01,57498,monthly,218655,2017-01-01
England,http://landregistry.data.gov.uk/id/region/england,E92000001,2017-02,60662,monthly,219696,2017-02-01
England,http://landregistry.data.gov.uk/id/region/england,E92000001,2017-03,74386,monthly,218812,2017-03-01
England,http://landregistry.data.gov.uk/id/region/england,E92000001,2017-04,62318,monthly,221891,2017-04-01
England,http://landregistry.data.gov.uk/id/region/england,E92000001,2017-05,69176,monthly,223502,2017-05-01
England,http://landregistry.data.gov.uk/id/region/england,E92000001,2017-06,84327,monthly,225265,2017-06-01
England,http://landregistry.data.gov.uk/id/region/england,E92000001,2017-07,76993,monthly,227919,2017-07-01
England,http://landregistry.data.gov.uk/id/region/england,E92000001,2017-08,82670,monthly,229074,2017-08-01
England,http://landregistry.data.gov.uk/id/region/england,E92000001,2017-09,78082,monthly,228519,2017-09-01
England,http://landregistry.data.gov.uk/id/region/england,E92000001,2017-10,77047,monthly,228484,2017-10-01
England,http://landregistry.data.gov.uk/id/region/england,E92000001,2017-11,76788,monthly,227618,2017-11-01
England,http://landregistry.data.gov.uk/id/region/england,E92000001,2017-12,76522,monthly,228837,2017-12-01
England,http://landregistry.data.gov.uk/id/region/england,E92000001,2018-01,57138,monthly,227594,2018-01-01
England,http://landregistry.data.gov.uk/id/region/england,E92000001,2018-02,58494,monthly,228471,2018-02-01
England,http://landregistry.data.gov.uk/id/region/england,E92000001,2018-03,68184,monthly,226996,2018-03-01
England,http://landregistry.data.gov.uk/id/region/england,E92000001,2018-04,58939,monthly,228855,2018-04-01
England,http://landregistry.data.gov.uk/id/region/england,E92000001,2018-05,67590,monthly,229845,2018-05-01
England,http://landregistry.data.gov.uk/id/region/england,E92000001,2018-06,79056,monthly,231277,2018-06-01
England,http://landregistry.data.gov.uk/id/region/england,E92000001,2018-07,73910,monthly,234127,2018-07-01
England,http://landregistry.data.gov.uk/id/region/england,E92000001,2018-08,84466,monthly,234731,2018-08-01
England,http://landregistry.data.gov.uk/id/region/england,E92000001,2018-09,68839,monthly,234380,2018-09-01
England,http://landregistry.data.gov.uk/id/region/england,E92000001,2018-10,76864,monthly,233916,2018-10-01
England,http://landregistry.data.gov.uk/id/region/england,E92000001,2018-11,81610,monthly,233144,2018-11-01
England,http://landregistry.data.gov.uk/id/region/england,E92000001,2018-12,69841,monthly,232616,2018-12-01
England,http://landregistry.data.gov.uk/id/region/england,E92000001,2019-01,54134,monthly,230974,2019-01-01
England,http://landregistry.data.gov.uk/id/region/england,E92000001,2019-02,57330,monthly,230772,2019-02-01
England,http://landregistry.data.gov.uk/id/region/england,E92000001,2019-03,65206,monthly,229408,2019-03-01
England,http://landregistry.data.gov.uk/id/region/england,E92000001,2019-04,60107,monthly,230994,2019-04-01
England,http://landregistry.data.gov.uk/id/region/england,E92000001,2019-05,66812,monthly,231245,2019-05-01
England,http://landregistry.data.gov.uk/id/region/england,E92000001,2019-06,69001,monthly,232112,2019-06-01
England,http://landregistry.data.gov.uk/id/region/england,E92000001,2019-07,73613,monthly,234587,2019-07-01
England,http://landregistry.data.gov.uk/id/region/england,E92000001,2019-08,78838,monthly,235298,2019-08-01
England,http://landregistry.data.gov.uk/id/region/england,E92000001,2019-09,69020,monthly,235691,2019-09-01
England,http://landregistry.data.gov.uk/id/region/england,E92000001,2019-10,74620,monthly,234940,2019-10-01
England,http://landregistry.data.gov.uk/id/region/england,E92000001,2019-11,76702,monthly,234020,2019-11-01
England,http://landregistry.data.gov.uk/id/region/england,E92000001,2019-12,70541,monthly,234237,2019-12-01
England,http://landregistry.data.gov.uk/id/region/england,E92000001,2020-01,56603,monthly,234049,2020-01-01
England,http://landregistry.data.gov.uk/id/region/england,E92000001,2020-02,56568,monthly,232955,2020-02-01
England,http://landregistry.data.gov.uk/id/region/england,E92000001,2020-03,57626,monthly,235204,2020-03-01
England,http://landregistry.data.gov.uk/id/region/england,E92000001,2020-04,23673,monthly,232657,2020-04-01
England,http://landregistry.data.gov.uk/id/region/england,E92000001,2020-05,30798,monthly,233673,2020-05-01
England,http://landregistry.data.gov.uk/id/region/england,E92000001,2020-06,46664,monthly,236731,2020-06-01
England,http://landregistry.data.gov.uk/id/region/england,E92000001,2020-07,54524,monthly,239080,2020-07-01
England,http://landregistry.data.gov.uk/id/region/england,E92000001,2020-08,56476,monthly,241511,2020-08-01
England,http://landregistry.data.gov.uk/id/region/england,E92000001,2020-09,62864,monthly,243733,2020-09-01
England,http://landregistry.data.gov.uk/id/region/england,E92000001,2020-10,77907,monthly,245090,2020-10-01
England,http://landregistry.data.gov.uk/id/region/england,E92000001,2020-11,76747,monthly,247749,2020-11-01
England,http://landregistry.data.gov.uk/id/region/england,E92000001,2020-12,85705,monthly,250168,2020-12-01
England,http://landregistry.data.gov.uk/id/region/england,E92000001,2021-01,70906,monthly,249890,2021-01-01
England,http://landregistry.data.gov.uk/id/region/england,E92000001,2021-02,90060,monthly,251309,2021-02-01
England,http://landregistry.data.gov.uk/id/region/england,E92000001,2021-03,128525,monthly,254407,2021-03-01
England,http://landregistry.data.gov.uk/id/region/england,E92000001,2021-04,82173,monthly,250703,2021-04-01
England,http://landregistry.data.gov.uk/id/region/england,E92000001,2021-05,71336,monthly,251203,2021-05-01
England,http://landregistry.data.gov.uk/id/region/england,E92000001,2021-06,162673,monthly,266129,2021-06-01
England,http://landregistry.data.gov.uk/id/region/england,E92000001,2021-07,52302,monthly,250545,2021-07-01
England,http://landregistry.data.gov.uk/id/region/england,E92000001,2021-08,71786,monthly,259193,2021-08-01
England,http://landregistry.data.gov.uk/id/region/england,E92000001,2021-09,125654,monthly,268041,2021-09-01
England,http://landregistry.data.gov.uk/id/region/england,E92000001,2021-10,53907,monthly,259748,2021-10-01
England,http://landregistry.data.gov.uk/id/region/england,E92000001,2021-11,68044,monthly,265662,2021-11-01
England,http://landregistry.data.gov.uk/id/region/england,E92000001,2021-12,76166,monthly,267793,2021-12-01
England,http://landregistry.data.gov.uk/id/region/england,E92000001,2022-01,57602,monthly,270231,2022-01-01
England,http://landregistry.data.gov.uk/id/region/england,E92000001,2022-02,66048,monthly,271265,2022-02-01
England,http://landregistry.data.gov.uk/id/region/england,E92000001,2022-03,75440,monthly,272225,2022-03-01
England,http://landregistry.data.gov.uk/id/region/england,E92000001,2022-04,68234,monthly,274812,2022-04-01
England,http://landregistry.data.gov.uk/id/region/england,E92000001,2022-05,68223,monthly,278084,2022-05-01
England,http://landregistry.data.gov.uk/id/region/england,E92000001,2022-06,71809,monthly,281116,2022-06-01
England,http://landregistry.data.gov.uk/id/region/england,E92000001,2022-07,76486,monthly,286526,2022-07-01
England,http://landregistry.data.gov.uk/id/region/england,E92000001,2022-08,79111,monthly,289294,2022-08-01
England,http://landregistry.data.gov.uk/id/region/england,E92000001,2022-09,79500,monthly,290185,2022-09-01
England,http://landregistry.data.gov.uk/id/region/england,E92000001,2022-10,75912,monthly,289993,2022-10-01
England,http://landregistry.data.gov.uk/id/region/england,E92000001,2022-11,77523,monthly,290003,2022-11-01
England,http://landregistry.data.gov.uk/id/region/england,E92000001,2022-12,73294,monthly,288198,2022-12-01
England,http://landregistry.data.gov.uk/id/region/england,E92000001,2023-01,50359,monthly,285817,2023-01-01
England,http://landregistry.data.gov.uk/id/region/england,E92000001,2023-02,49837,monthly,283907,2023-02-01
England,http://landregistry.data.gov.uk/id/region/england,E92000001,2023-03,57529,monthly,279592,2023-03-01
England,http://landregistry.data.gov.uk/id/region/england,E92000001,2023-04,41002,monthly,280054,2023-04-01
England,http://landregistry.data.gov.uk/id/region/england,E92000001,2023-05,44542,monthly,279846,2023-05-01
England,http://landregistry.data.gov.uk/id/region/england,E92000001,2023-06,56427,monthly,281585,2023-06-01
England,http://landregistry.data.gov.uk/id/region/england,E92000001,2023-07,52068,monthly,284246,2023-07-01
England,http://landregistry.data.gov.uk/id/region/england,E92000001,2023-08,59192,monthly,285690,2023-08-01
England,http://landregistry.data.gov.uk/id/region/england,E92000001,2023-09,57425,monthly,284428,2023-09-01
England,http://landregistry.data.gov.uk/id/region/england,E92000001,2023-10,55937,monthly,283147,2023-10-01
England,http://landregistry.data.gov.uk/id/region/england,E92000001,2023-11,54315,monthly,281026,2023-11-01
England,http://landregistry.data.gov.uk/id/region/england,E92000001,2023-12,51916,monthly,278664,2023-12-01
England,http://landregistry.data.gov.uk/id/region/england,E92000001,2024-01,41790,monthly,278060,2024-01-01
England,http://landregistry.data.gov.uk/id/region/england,E92000001,2024-02,47183,monthly,276935,2024-02-01
England,http://landregistry.data.gov.uk/id/region/england,E92000001,2024-03,54167,monthly,276971,2024-03-01
England,http://landregistry.data.gov.uk/id/region/england,E92000001,2024-04,48641,monthly,277945,2024-04-01
England,http://landregistry.data.gov.uk/id/region/england,E92000001,2024-05,59419,monthly,280824,2024-05-01
England,http://landregistry.data.gov.uk/id/region/england,E92000001,2024-06,57853,monthly,281611,2024-06-01
England,http://landregistry.data.gov.uk/id/region/england,E92000001,2024-07,64652,monthly,284105,2024-07-01
England,http://landregistry.data.gov.uk/id/region/england,E92000001,2024-08,70500,monthly,287343,2024-08-01
England,http://landregistry.data.gov.uk/id/region/england,E92000001,2024-09,62093,monthly,287604,2024-09-01
England,http://landregistry.data.gov.uk/id/region/england,E92000001,2024-10,70018,monthly,287868,2024-10-01
England,http://landregistry.data.gov.uk/id/region/england,E92000001,2024-11,63871,monthly,287674,2024-11-01
England,http://landregistry.data.gov.uk/id/region/england,E92000001,2024-12,55950,monthly,288221,2024-12-01
England,http://landregistry.data.gov.uk/id/region/england,E92000001,2025-01,46181,monthly,288790,2025-01-01
England,http://landregistry.data.gov.uk/id/region/england,E92000001,2025-02,51452,monthly,290322,2025-02-01
England,http://landregistry.data.gov.uk/id/region/england,E92000001,2025-03,91864,monthly,294907,2025-03-01
England,http://landregistry.data.gov.uk/id/region/england,E92000001,2025-04,20826,monthly,284428,2025-04-01
England,http://landregistry.data.gov.uk/id/region/england,E92000001,2025-05,33015,monthly,287191,2025-05-01
England,http://landregistry.data.gov.uk/id/region/england,E92000001,2025-06,35437,monthly,291551,2025-06-01
England,http://landregistry.data.gov.uk/id/region/england,E92000001,2025-07,,monthly,292988,2025-07-01
England,http://landregistry.data.gov.uk/id/region/england,E92000001,2025-08,,monthly,295670,2025-08-01
