ukhpi-comparison-all-avg-england-from-2015-09-01-to-2025-09-23.csv
"Name","URI","Region GSS code","Period","Sales volume","Reporting period","Average price All property types","Pivotable date"
London,http://landregistry.data.gov.uk/id/region/london,E12000007,2015-09,10686,monthly,470754,2015-09-01
London,http://landregistry.data.gov.uk/id/region/london,E12000007,2015-10,10926,monthly,471562,2015-10-01
London,http://landregistry.data.gov.uk/id/region/london,E12000007,2015-11,9752,monthly,476915,2015-11-01
London,http://landregistry.data.gov.uk/id/region/london,E12000007,2015-12,9700,monthly,481806,2015-12-01
London,http://landregistry.data.gov.uk/id/region/london,E12000007,2016-01,7927,monthly,489741,2016-01-01
London,http://landregistry.data.gov.uk/id/region/london,E12000007,2016-02,8208,monthly,490055,2016-02-01
London,http://landregistry.data.gov.uk/id/region/london,E12000007,2016-03,17501,monthly,497430,2016-03-01
London,http://landregistry.data.gov.uk/id/region/london,E12000007,2016-04,5746,monthly,493598,2016-04-01
London,http://landregistry.data.gov.uk/id/region/london,E12000007,2016-05,6617,monthly,500467,2016-05-01
London,http://landregistry.data.gov.uk/id/region/london,E12000007,2016-06,8464,monthly,501147,2016-06-01
London,http://landregistry.data.gov.uk/id/region/london,E12000007,2016-07,8794,monthly,509080,2016-07-01
London,http://landregistry.data.gov.uk/id/region/london,E12000007,2016-08,8535,monthly,505256,2016-08-01
London,http://landregistry.data.gov.uk/id/region/london,E12000007,2016-09,8275,monthly,505052,2016-09-01
London,http://landregistry.data.gov.uk/id/region/london,E12000007,2016-10,8100,monthly,504240,2016-10-01
London,http://landregistry.data.gov.uk/id/region/london,E12000007,2016-11,8178,monthly,504074,2016-11-01
London,http://landregistry.data.gov.uk/id/region/london,E12000007,2016-12,8460,monthly,505701,2016-12-01
London,http://landregistry.data.gov.uk/id/region/london,E12000007,2017-01,6931,monthly,509175,2017-01-01
London,http://landregistry.data.gov.uk/id/region/london,E12000007,2017-02,7108,monthly,510351,2017-02-01
London,http://landregistry.data.gov.uk/id/region/london,E12000007,2017-03,8659,monthly,508986,2017-03-01
London,http://landregistry.data.gov.uk/id/region/london,E12000007,2017-04,7120,monthly,513641,2017-04-01
London,http://landregistry.data.gov.uk/id/region/london,E12000007,2017-05,7874,monthly,514831,2017-05-01
London,http://landregistry.data.gov.uk/id/region/london,E12000007,2017-06,9192,monthly,514028,2017-06-01
London,http://landregistry.data.gov.uk/id/region/london,E12000007,2017-07,8494,monthly,522994,2017-07-01
London,http://landregistry.data.gov.uk/id/region/london,E12000007,2017-08,8921,monthly,521450,2017-08-01
London,http://landregistry.data.gov.uk/id/region/london,E12000007,2017-09,8239,monthly,517969,2017-09-01
London,http://landregistry.data.gov.uk/id/region/london,E12000007,2017-10,7990,monthly,515752,2017-10-01
London,http://landregistry.data.gov.uk/id/region/london,E12000007,2017-11,7629,monthly,509894,2017-11-01
London,http://landregistry.data.gov.uk/id/region/london,E12000007,2017-12,7883,monthly,510491,2017-12-01
London,http://landregistry.data.gov.uk/id/region/london,E12000007,2018-01,6584,monthly,513622,2018-01-01
London,http://landregistry.data.gov.uk/id/region/london,E12000007,2018-02,6386,monthly,511574,2018-02-01
London,http://landregistry.data.gov.uk/id/region/london,E12000007,2018-03,7350,monthly,505683,2018-03-01
London,http://landregistry.data.gov.uk/id/region/london,E12000007,2018-04,6511,monthly,510925,2018-04-01
London,http://landregistry.data.gov.uk/id/region/london,E12000007,2018-05,6980,monthly,512244,2018-05-01
London,http://landregistry.data.gov.uk/id/region/london,E12000007,2018-06,8135,monthly,513792,2018-06-01
London,http://landregistry.data.gov.uk/id/region/london,E12000007,2018-07,8303,monthly,518923,2018-07-01
London,http://landregistry.data.gov.uk/id/region/london,E12000007,2018-08,8975,monthly,513384,2018-08-01
London,http://landregistry.data.gov.uk/id/region/london,E12000007,2018-09,7636,monthly,510167,2018-09-01
London,http://landregistry.data.gov.uk/id/region/london,E12000007,2018-10,7956,monthly,513927,2018-10-01
London,http://landregistry.data.gov.uk/id/region/london,E12000007,2018-11,8130,monthly,507814,2018-11-01
London,http://landregistry.data.gov.uk/id/region/london,E12000007,2018-12,6957,monthly,506642,2018-12-01
London,http://landregistry.data.gov.uk/id/region/london,E12000007,2019-01,6031,monthly,503232,2019-01-01
London,http://landregistry.data.gov.uk/id/region/london,E12000007,2019-02,5967,monthly,498951,2019-02-01
London,http://landregistry.data.gov.uk/id/region/london,E12000007,2019-03,6875,monthly,496910,2019-03-01
London,http://landregistry.data.gov.uk/id/region/london,E12000007,2019-04,6063,monthly,502664,2019-04-01
London,http://landregistry.data.gov.uk/id/region/london,E12000007,2019-05,6815,monthly,496339,2019-05-01
London,http://landregistry.data.gov.uk/id/region/london,E12000007,2019-06,6991,monthly,503716,2019-06-01
London,http://landregistry.data.gov.uk/id/region/london,E12000007,2019-07,8275,monthly,512265,2019-07-01
London,http://landregistry.data.gov.uk/id/region/london,E12000007,2019-08,8797,monthly,506081,2019-08-01
London,http://landregistry.data.gov.uk/id/region/london,E12000007,2019-09,7586,monthly,510810,2019-09-01
London,http://landregistry.data.gov.uk/id/region/london,E12000007,2019-10,7901,monthly,506016,2019-10-01
London,http://landregistry.data.gov.uk/id/region/london,E12000007,2019-11,7833,monthly,501829,2019-11-01
London,http://landregistry.data.gov.uk/id/region/london,E12000007,2019-12,7107,monthly,512959,2019-12-01
London,http://landregistry.data.gov.uk/id/region/london,E12000007,2020-01,6527,monthly,509527,2020-01-01
London,http://landregistry.data.gov.uk/id/region/london,E12000007,2020-02,6465,monthly,507956,2020-02-01
London,http://landregistry.data.gov.uk/id/region/london,E12000007,2020-03,6842,monthly,516654,2020-03-01
London,http://landregistry.data.gov.uk/id/region/london,E12000007,2020-04,3206,monthly,509754,2020-04-01
London,http://landregistry.data.gov.uk/id/region/london,E12000007,2020-05,2929,monthly,506613,2020-05-01
London,http://landregistry.data.gov.uk/id/region/london,E12000007,2020-06,4511,monthly,513833,2020-06-01
London,http://landregistry.data.gov.uk/id/region/london,E12000007,2020-07,5988,monthly,517966,2020-07-01
London,http://landregistry.data.gov.uk/id/region/london,E12000007,2020-08,6148,monthly,523954,2020-08-01
London,http://landregistry.data.gov.uk/id/region/london,E12000007,2020-09,7087,monthly,528003,2020-09-01
London,http://landregistry.data.gov.uk/id/region/london,E12000007,2020-10,8083,monthly,520515,2020-10-01
London,http://landregistry.data.gov.uk/id/region/london,E12000007,2020-11,7825,monthly,529444,2020-11-01
London,http://landregistry.data.gov.uk/id/region/london,E12000007,2020-12,9201,monthly,529060,2020-12-01
London,http://landregistry.data.gov.uk/id/region/london,E12000007,2021-01,8030,monthly,529101,2021-01-01
London,http://landregistry.data.gov.uk/id/region/london,E12000007,2021-02,10070,monthly,525153,2021-02-01
London,http://landregistry.data.gov.uk/id/region/london,E12000007,2021-03,16466,monthly,534311,2021-03-01
London,http://landregistry.data.gov.uk/id/region/london,E12000007,2021-04,9151,monthly,523423,2021-04-01
London,http://landregistry.data.gov.uk/id/region/london,E12000007,2021-05,7696,monthly,522672,2021-05-01
London,http://landregistry.data.gov.uk/id/region/london,E12000007,2021-06,26412,monthly,538199,2021-06-01
London,http://landregistry.data.gov.uk/id/region/london,E12000007,2021-07,3030,monthly,529788,2021-07-01
London,http://landregistry.data.gov.uk/id/region/london,E12000007,2021-08,6063,monthly,545831,2021-08-01
London,http://landregistry.data.gov.uk/id/region/london,E12000007,2021-09,12748,monthly,541876,2021-09-01
London,http://landregistry.data.gov.uk/id/region/london,E12000007,2021-10,4935,monthly,539606,2021-10-01
London,http://landregistry.data.gov.uk/id/region/london,E12000007,2021-11,6837,monthly,547647,2021-11-01
London,http://landregistry.data.gov.uk/id/region/london,E12000007,2021-12,7655,monthly,547837,2021-12-01
London,http://landregistry.data.gov.uk/id/region/london,E12000007,2022-01,6363,monthly,550635,2022-01-01
London,http://landregistry.data.gov.uk/id/region/london,E12000007,2022-02,7143,monthly,551066,2022-02-01
London,http://landregistry.data.gov.uk/id/region/london,E12000007,2022-03,8630,monthly,550480,2022-03-01
London,http://landregistry.data.gov.uk/id/region/london,E12000007,2022-04,7432,monthly,554765,2022-04-01
London,http://landregistry.data.gov.uk/id/region/london,E12000007,2022-05,7768,monthly,554380,2022-05-01
London,http://landregistry.data.gov.uk/id/region/london,E12000007,2022-06,8528,monthly,572418,2022-06-01
London,http://landregistry.data.gov.uk/id/region/london,E12000007,2022-07,9356,monthly,575261,2022-07-01
London,http://landregistry.data.gov.uk/id/region/london,E12000007,2022-08,9432,monthly,581320,2022-08-01
London,http://landregistry.data.gov.uk/id/region/london,E12000007,2022-09,9508,monthly,579330,2022-09-01
London,http://landregistry.data.gov.uk/id/region/london,E12000007,2022-10,8976,monthly,573946,2022-10-01
London,http://landregistry.data.gov.uk/id/region/london,E12000007,2022-11,8978,monthly,575480,2022-11-01
London,http://landregistry.data.gov.uk/id/region/london,E12000007,2022-12,8125,monthly,572384,2022-12-01
London,http://landregistry.data.gov.uk/id/region/london,E12000007,2023-01,6046,monthly,570869,2023-01-01
London,http://landregistry.data.gov.uk/id/region/london,E12000007,2023-02,5587,monthly,563875,2023-02-01
London,http://landregistry.data.gov.uk/id/region/london,E12000007,2023-03,6571,monthly,555361,2023-03-01
London,http://landregistry.data.gov.uk/id/region/london,E12000007,2023-04,4330,monthly,557147,2023-04-01
London,http://landregistry.data.gov.uk/id/region/london,E12000007,2023-05,4835,monthly,554900,2023-05-01
London,http://landregistry.data.gov.uk/id/region/london,E12000007,2023-06,6016,monthly,556107,2023-06-01
London,http://landregistry.data.gov.uk/id/region/london,E12000007,2023-07,6043,monthly,559703,2023-07-01
London,http://landregistry.data.gov.uk/id/region/london,E12000007,2023-08,6988,monthly,560630,2023-08-01
London,http://landregistry.data.gov.uk/id/region/london,E12000007,2023-09,6912,monthly,565702,2023-09-01
London,http://landregistry.data.gov.uk/id/region/london,E12000007,2023-10,6242,monthly,555122,2023-10-01
London,http://landregistry.data.gov.uk/id/region/london,E12000007,2023-11,6023,monthly,547757,2023-11-01
London,http://landregistry.data.gov.uk/id/region/london,E12000007,2023-12,5479,monthly,549112,2023-12-01
London,http://landregistry.data.gov.uk/id/region/london,E12000007,2024-01,5102,monthly,551097,2024-01-01
London,http://landregistry.data.gov.uk/id/region/london,E12000007,2024-02,5582,monthly,546247,2024-02-01
London,http://landregistry.data.gov.uk/id/region/london,E12000007,2024-03,5952,monthly,547437,2024-03-01
London,http://landregistry.data.gov.uk/id/region/london,E12000007,2024-04,5730,monthly,548467,2024-04-01
London,http://landregistry.data.gov.uk/id/region/london,E12000007,2024-05,6785,monthly,553592,2024-05-01
London,http://landregistry.data.gov.uk/id/region/london,E12000007,2024-06,6287,monthly,556853,2024-06-01
London,http://landregistry.data.gov.uk/id/region/london,E12000007,2024-07,7834,monthly,557831,2024-07-01
London,http://landregistry.data.gov.uk/id/region/london,E12000007,2024-08,8392,monthly,567121,2024-08-01
London,http://landregistry.data.gov.uk/id/region/london,E12000007,2024-09,7269,monthly,567101,2024-09-01
London,http://landregistry.data.gov.uk/id/region/london,E12000007,2024-10,8505,monthly,561211,2024-10-01
London,http://landregistry.data.gov.uk/id/region/london,E12000007,2024-11,6859,monthly,559777,2024-11-01
London,http://landregistry.data.gov.uk/id/region/london,E12000007,2024-12,5863,monthly,556188,2024-12-01
London,http://landregistry.data.gov.uk/id/region/london,E12000007,2025-01,5562,monthly,565964,2025-01-01
London,http://landregistry.data.gov.uk/id/region/london,E12000007,2025-02,5942,monthly,561274,2025-02-01
London,http://landregistry.data.gov.uk/id/region/london,E12000007,2025-03,12885,monthly,555285,2025-03-01
London,http://landregistry.data.gov.uk/id/region/london,E12000007,2025-04,1824,monthly,569660,2025-04-01
London,http://landregistry.data.gov.uk/id/region/london,E12000007,2025-05,3074,monthly,558671,2025-05-01
London,http://landregistry.data.gov.uk/id/region/london,E12000007,2025-06,3464,monthly,561638,2025-06-01
London,http://landregistry.data.gov.uk/id/region/london,E12000007,2025-07,,monthly,564838,2025-07-01
London,http://landregistry.data.gov.uk/id/region/london,E12000007,2025-08,,monthly,565567,2025-08-01
