ukhpi-comparison-all-avg-england-from-2015-09-01-to-2025-09-23.csv
"Name","URI","Region GSS code","Period","Sales volume","Reporting period","Average price All property types","Pivotable date"
North West,http://landregistry.data.gov.uk/id/region/north-west,E12000002,2015-09,9734,monthly,132859,2015-09-01
North West,http://landregistry.data.gov.uk/id/region/north-west,E12000002,2015-10,10998,monthly,132220,2015-10-01
North West,http://landregistry.data.gov.uk/id/region/north-west,E12000002,2015-11,9764,monthly,132916,2015-11-01
North West,http://landregistry.data.gov.uk/id/region/north-west,E12000002,2015-12,9806,monthly,132950,2015-12-01
North West,http://landregistry.data.gov.uk/id/region/north-west,E12000002,2016-01,7255,monthly,133204,2016-01-01
North West,http://landregistry.data.gov.uk/id/region/north-west,E12000002,2016-02,8119,monthly,133083,2016-02-01
North West,http://landregistry.data.gov.uk/id/region/north-west,E12000002,2016-03,14602,monthly,131630,2016-03-01
North West,http://landregistry.data.gov.uk/id/region/north-west,E12000002,2016-04,7127,monthly,136500,2016-04-01
North West,http://landregistry.data.gov.uk/id/region/north-west,E12000002,2016-05,7780,monthly,137497,2016-05-01
North West,http://landregistry.data.gov.uk/id/region/north-west,E12000002,2016-06,9313,monthly,137892,2016-06-01
North West,http://landregistry.data.gov.uk/id/region/north-west,E12000002,2016-07,10423,monthly,139906,2016-07-01
North West,http://landregistry.data.gov.uk/id/region/north-west,E12000002,2016-08,10215,monthly,139750,2016-08-01
North West,http://landregistry.data.gov.uk/id/region/north-west,E12000002,2016-09,9874,monthly,139624,2016-09-01
North West,http://landregistry.data.gov.uk/id/region/north-west,E12000002,2016-10,9427,monthly,138036,2016-10-01
North West,http://landregistry.data.gov.uk/id/region/north-west,E12000002,2016-11,10014,monthly,139331,2016-11-01
North West,http://landregistry.data.gov.uk/id/region/north-west,E12000002,2016-12,10679,monthly,139179,2016-12-01
North West,http://landregistry.data.gov.uk/id/region/north-west,E12000002,2017-01,7558,monthly,139003,2017-01-01
North West,http://landregistry.data.gov.uk/id/region/north-west,E12000002,2017-02,8018,monthly,140482,2017-02-01
North West,http://landregistry.data.gov.uk/id/region/north-west,E12000002,2017-03,10049,monthly,139230,2017-03-01
North West,http://landregistry.data.gov.uk/id/region/north-west,E12000002,2017-04,8078,monthly,141652,2017-04-01
North West,http://landregistry.data.gov.uk/id/region/north-west,E12000002,2017-05,9525,monthly,142498,2017-05-01
North West,http://landregistry.data.gov.uk/id/region/north-west,E12000002,2017-06,11140,monthly,144298,2017-06-01
North West,http://landregistry.data.gov.uk/id/region/north-west,E12000002,2017-07,10112,monthly,145880,2017-07-01
North West,http://landregistry.data.gov.uk/id/region/north-west,E12000002,2017-08,10927,monthly,147268,2017-08-01
North West,http://landregistry.data.gov.uk/id/region/north-west,E12000002,2017-09,10879,monthly,146802,2017-09-01
North West,http://landregistry.data.gov.uk/id/region/north-west,E12000002,2017-10,10428,monthly,146383,2017-10-01
North West,http://landregistry.data.gov.uk/id/region/north-west,E12000002,2017-11,10652,monthly,146851,2017-11-01
North West,http://landregistry.data.gov.uk/id/region/north-west,E12000002,2017-12,10472,monthly,147837,2017-12-01
North West,http://landregistry.data.gov.uk/id/region/north-west,E12000002,2018-01,7548,monthly,144796,2018-01-01
North West,http://landregistry.data.gov.uk/id/region/north-west,E12000002,2018-02,8121,monthly,146586,2018-02-01
North West,http://landregistry.data.gov.uk/id/region/north-west,E12000002,2018-03,9632,monthly,144823,2018-03-01
North West,http://landregistry.data.gov.uk/id/region/north-west,E12000002,2018-04,8142,monthly,146818,2018-04-01
North West,http://landregistry.data.gov.uk/id/region/north-west,E12000002,2018-05,9330,monthly,147799,2018-05-01
North West,http://landregistry.data.gov.uk/id/region/north-west,E12000002,2018-06,10916,monthly,149186,2018-06-01
North West,http://landregistry.data.gov.uk/id/region/north-west,E12000002,2018-07,9863,monthly,151077,2018-07-01
North West,http://landregistry.data.gov.uk/id/region/north-west,E12000002,2018-08,11323,monthly,151772,2018-08-01
North West,http://landregistry.data.gov.uk/id/region/north-west,E12000002,2018-09,9316,monthly,151750,2018-09-01
North West,http://landregistry.data.gov.uk/id/region/north-west,E12000002,2018-10,10808,monthly,152467,2018-10-01
North West,http://landregistry.data.gov.uk/id/region/north-west,E12000002,2018-11,11510,monthly,151860,2018-11-01
North West,http://landregistry.data.gov.uk/id/region/north-west,E12000002,2018-12,9399,monthly,151471,2018-12-01
North West,http://landregistry.data.gov.uk/id/region/north-west,E12000002,2019-01,7213,monthly,150205,2019-01-01
North West,http://landregistry.data.gov.uk/id/region/north-west,E12000002,2019-02,8379,monthly,150818,2019-02-01
North West,http://landregistry.data.gov.uk/id/region/north-west,E12000002,2019-03,9346,monthly,149518,2019-03-01
North West,http://landregistry.data.gov.uk/id/region/north-west,E12000002,2019-04,8505,monthly,150992,2019-04-01
North West,http://landregistry.data.gov.uk/id/region/north-west,E12000002,2019-05,9787,monthly,152604,2019-05-01
North West,http://landregistry.data.gov.uk/id/region/north-west,E12000002,2019-06,9618,monthly,152440,2019-06-01
North West,http://landregistry.data.gov.uk/id/region/north-west,E12000002,2019-07,9847,monthly,154588,2019-07-01
North West,http://landregistry.data.gov.uk/id/region/north-west,E12000002,2019-08,10769,monthly,156053,2019-08-01
North West,http://landregistry.data.gov.uk/id/region/north-west,E12000002,2019-09,9532,monthly,155419,2019-09-01
North West,http://landregistry.data.gov.uk/id/region/north-west,E12000002,2019-10,10330,monthly,155204,2019-10-01
North West,http://landregistry.data.gov.uk/id/region/north-west,E12000002,2019-11,10721,monthly,154553,2019-11-01
North West,http://landregistry.data.gov.uk/id/region/north-west,E12000002,2019-12,9462,monthly,153685,2019-12-01
North West,http://landregistry.data.gov.uk/id/region/north-west,E12000002,2020-01,7795,monthly,153141,2020-01-01
North West,http://landregistry.data.gov.uk/id/region/north-west,E12000002,2020-02,7806,monthly,153325,2020-02-01
North West,http://landregistry.data.gov.uk/id/region/north-west,E12000002,2020-03,7883,monthly,155025,2020-03-01
North West,http://landregistry.data.gov.uk/id/region/north-west,E12000002,2020-04,3162,monthly,152528,2020-04-01
North West,http://landregistry.data.gov.uk/id/region/north-west,E12000002,2020-05,4431,monthly,152857,2020-05-01
North West,http://landregistry.data.gov.uk/id/region/north-west,E12000002,2020-06,6449,monthly,157055,2020-06-01
North West,http://landregistry.data.gov.uk/id/region/north-west,E12000002,2020-07,7407,monthly,159413,2020-07-01
North West,http://landregistry.data.gov.uk/id/region/north-west,E12000002,2020-08,7879,monthly,161286,2020-08-01
North West,http://landregistry.data.gov.uk/id/region/north-west,E12000002,2020-09,8791,monthly,162250,2020-09-01
North West,http://landregistry.data.gov.uk/id/region/north-west,E12000002,2020-10,10568,monthly,165484,2020-10-01
North West,http://landregistry.data.gov.uk/id/region/north-west,E12000002,2020-11,10429,monthly,166199,2020-11-01
North West,http://landregistry.data.gov.uk/id/region/north-west,E12000002,2020-12,11097,monthly,169085,2020-12-01
North West,http://landregistry.data.gov.uk/id/region/north-west,E12000002,2021-01,9044,monthly,170526,2021-01-01
North West,http://landregistry.data.gov.uk/id/region/north-west,E12000002,2021-02,11431,monthly,173134,2021-02-01
North West,http://landregistry.data.gov.uk/id/region/north-west,E12000002,2021-03,15003,monthly,175992,2021-03-01
North West,http://landregistry.data.gov.uk/id/region/north-west,E12000002,2021-04,10414,monthly,172587,2021-04-01
North West,http://landregistry.data.gov.uk/id/region/north-west,E12000002,2021-05,9652,monthly,172994,2021-05-01
North West,http://landregistry.data.gov.uk/id/region/north-west,E12000002,2021-06,17317,monthly,187330,2021-06-01
North West,http://landregistry.data.gov.uk/id/region/north-west,E12000002,2021-07,8974,monthly,171845,2021-07-01
North West,http://landregistry.data.gov.uk/id/region/north-west,E12000002,2021-08,10651,monthly,178467,2021-08-01
North West,http://landregistry.data.gov.uk/id/region/north-west,E12000002,2021-09,16386,monthly,187266,2021-09-01
North West,http://landregistry.data.gov.uk/id/region/north-west,E12000002,2021-10,8055,monthly,177157,2021-10-01
North West,http://landregistry.data.gov.uk/id/region/north-west,E12000002,2021-11,9761,monthly,182712,2021-11-01
North West,http://landregistry.data.gov.uk/id/region/north-west,E12000002,2021-12,10645,monthly,185573,2021-12-01
North West,http://landregistry.data.gov.uk/id/region/north-west,E12000002,2022-01,7910,monthly,186704,2022-01-01
North West,http://landregistry.data.gov.uk/id/region/north-west,E12000002,2022-02,8905,monthly,187066,2022-02-01
North West,http://landregistry.data.gov.uk/id/region/north-west,E12000002,2022-03,10287,monthly,187958,2022-03-01
North West,http://landregistry.data.gov.uk/id/region/north-west,E12000002,2022-04,9370,monthly,191021,2022-04-01
North West,http://landregistry.data.gov.uk/id/region/north-west,E12000002,2022-05,9159,monthly,192942,2022-05-01
North West,http://landregistry.data.gov.uk/id/region/north-west,E12000002,2022-06,9379,monthly,194417,2022-06-01
North West,http://landregistry.data.gov.uk/id/region/north-west,E12000002,2022-07,10309,monthly,199323,2022-07-01
North West,http://landregistry.data.gov.uk/id/region/north-west,E12000002,2022-08,10338,monthly,200868,2022-08-01
North West,http://landregistry.data.gov.uk/id/region/north-west,E12000002,2022-09,10294,monthly,202921,2022-09-01
North West,http://landregistry.data.gov.uk/id/region/north-west,E12000002,2022-10,9928,monthly,202008,2022-10-01
North West,http://landregistry.data.gov.uk/id/region/north-west,E12000002,2022-11,10311,monthly,202872,2022-11-01
North West,http://landregistry.data.gov.uk/id/region/north-west,E12000002,2022-12,9553,monthly,200795,2022-12-01
North West,http://landregistry.data.gov.uk/id/region/north-west,E12000002,2023-01,6717,monthly,197527,2023-01-01
North West,http://landregistry.data.gov.uk/id/region/north-west,E12000002,2023-02,7027,monthly,196497,2023-02-01
North West,http://landregistry.data.gov.uk/id/region/north-west,E12000002,2023-03,7884,monthly,194453,2023-03-01
North West,http://landregistry.data.gov.uk/id/region/north-west,E12000002,2023-04,5696,monthly,194385,2023-04-01
North West,http://landregistry.data.gov.uk/id/region/north-west,E12000002,2023-05,6135,monthly,196419,2023-05-01
North West,http://landregistry.data.gov.uk/id/region/north-west,E12000002,2023-06,7426,monthly,197880,2023-06-01
North West,http://landregistry.data.gov.uk/id/region/north-west,E12000002,2023-07,7032,monthly,199014,2023-07-01
North West,http://landregistry.data.gov.uk/id/region/north-west,E12000002,2023-08,7895,monthly,200408,2023-08-01
North West,http://landregistry.data.gov.uk/id/region/north-west,E12000002,2023-09,7828,monthly,200657,2023-09-01
North West,http://landregistry.data.gov.uk/id/region/north-west,E12000002,2023-10,7685,monthly,200939,2023-10-01
North West,http://landregistry.data.gov.uk/id/region/north-west,E12000002,2023-11,7363,monthly,199536,2023-11-01
North West,http://landregistry.data.gov.uk/id/region/north-west,E12000002,2023-12,6990,monthly,200245,2023-12-01
North West,http://landregistry.data.gov.uk/id/region/north-west,E12000002,2024-01,5688,monthly,196802,2024-01-01
North West,http://landregistry.data.gov.uk/id/region/north-west,E12000002,2024-02,6506,monthly,196304,2024-02-01
North West,http://landregistry.data.gov.uk/id/region/north-west,E12000002,2024-03,7449,monthly,198378,2024-03-01
North West,http://landregistry.data.gov.uk/id/region/north-west,E12000002,2024-04,6526,monthly,198529,2024-04-01
North West,http://landregistry.data.gov.uk/id/region/north-west,E12000002,2024-05,8186,monthly,202747,2024-05-01
North West,http://landregistry.data.gov.uk/id/region/north-west,E12000002,2024-06,7659,monthly,201998,2024-06-01
North West,http://landregistry.data.gov.uk/id/region/north-west,E12000002,2024-07,8772,monthly,203585,2024-07-01
North West,http://landregistry.data.gov.uk/id/region/north-west,E12000002,2024-08,9458,monthly,207404,2024-08-01
North West,http://landregistry.data.gov.uk/id/region/north-west,E12000002,2024-09,8346,monthly,207762,2024-09-01
North West,http://landregistry.data.gov.uk/id/region/north-west,E12000002,2024-10,9147,monthly,207973,2024-10-01
North West,http://landregistry.data.gov.uk/id/region/north-west,E12000002,2024-11,8582,monthly,208853,2024-11-01
North West,http://landregistry.data.gov.uk/id/region/north-west,E12000002,2024-12,7372,monthly,209071,2024-12-01
North West,http://landregistry.data.gov.uk/id/region/north-west,E12000002,2025-01,6119,monthly,209443,2025-01-01
North West,http://landregistry.data.gov.uk/id/region/north-west,E12000002,2025-02,6961,monthly,210118,2025-02-01
North West,http://landregistry.data.gov.uk/id/region/north-west,E12000002,2025-03,10969,monthly,217431,2025-03-01
North West,http://landregistry.data.gov.uk/id/region/north-west,E12000002,2025-04,3290,monthly,202434,2025-04-01
North West,http://landregistry.data.gov.uk/id/region/north-west,E12000002,2025-05,4911,monthly,206656,2025-05-01
North West,http://landregistry.data.gov.uk/id/region/north-west,E12000002,2025-06,4767,monthly,212012,2025-06-01
North West,http://landregistry.data.gov.uk/id/region/north-west,E12000002,2025-07,,monthly,213311,2025-07-01
North West,http://landregistry.data.gov.uk/id/region/north-west,E12000002,2025-08,,monthly,216789,2025-08-01
