ukhpi-comparison-all-avg-england-from-2015-09-01-to-2025-09-23.csv
"Name","URI","Region GSS code","Period","Sales volume","Reporting period","Average price All property types","Pivotable date"
Yorkshire and The Humber,http://landregistry.data.gov.uk/id/region/yorkshire-and-the-humber,E12000003,2015-09,7165,monthly,136136,2015-09-01
Yorkshire and The Humber,http://landregistry.data.gov.uk/id/region/yorkshire-and-the-humber,E12000003,2015-10,8067,monthly,135844,2015-10-01
Yorkshire and The Humber,http://landregistry.data.gov.uk/id/region/yorkshire-and-the-humber,E12000003,2015-11,7271,monthly,136513,2015-11-01
Yorkshire and The Humber,http://landregistry.data.gov.uk/id/region/yorkshire-and-the-humber,E12000003,2015-12,7426,monthly,136979,2015-12-01
Yorkshire and The Humber,http://landregistry.data.gov.uk/id/region/yorkshire-and-the-humber,E12000003,2016-01,5378,monthly,136097,2016-01-01
Yorkshire and The Humber,http://landregistry.data.gov.uk/id/region/yorkshire-and-the-humber,E12000003,2016-02,5777,monthly,136539,2016-02-01
Yorkshire and The Humber,http://landregistry.data.gov.uk/id/region/yorkshire-and-the-humber,E12000003,2016-03,10252,monthly,135373,2016-03-01
Yorkshire and The Humber,http://landregistry.data.gov.uk/id/region/yorkshire-and-the-humber,E12000003,2016-04,5329,monthly,139439,2016-04-01
Yorkshire and The Humber,http://landregistry.data.gov.uk/id/region/yorkshire-and-the-humber,E12000003,2016-05,5981,monthly,139973,2016-05-01
Yorkshire and The Humber,http://landregistry.data.gov.uk/id/region/yorkshire-and-the-humber,E12000003,2016-06,7170,monthly,141514,2016-06-01
Yorkshire and The Humber,http://landregistry.data.gov.uk/id/region/yorkshire-and-the-humber,E12000003,2016-07,7520,monthly,142441,2016-07-01
Yorkshire and The Humber,http://landregistry.data.gov.uk/id/region/yorkshire-and-the-humber,E12000003,2016-08,7748,monthly,142584,2016-08-01
Yorkshire and The Humber,http://landregistry.data.gov.uk/id/region/yorkshire-and-the-humber,E12000003,2016-09,7277,monthly,141674,2016-09-01
Yorkshire and The Humber,http://landregistry.data.gov.uk/id/region/yorkshire-and-the-humber,E12000003,2016-10,6568,monthly,141522,2016-10-01
Yorkshire and The Humber,http://landregistry.data.gov.uk/id/region/yorkshire-and-the-humber,E12000003,2016-11,7111,monthly,142333,2016-11-01
Yorkshire and The Humber,http://landregistry.data.gov.uk/id/region/yorkshire-and-the-humber,E12000003,2016-12,7761,monthly,143617,2016-12-01
Yorkshire and The Humber,http://landregistry.data.gov.uk/id/region/yorkshire-and-the-humber,E12000003,2017-01,5376,monthly,140165,2017-01-01
Yorkshire and The Humber,http://landregistry.data.gov.uk/id/region/yorkshire-and-the-humber,E12000003,2017-02,5946,monthly,141864,2017-02-01
Yorkshire and The Humber,http://landregistry.data.gov.uk/id/region/yorkshire-and-the-humber,E12000003,2017-03,7324,monthly,140865,2017-03-01
Yorkshire and The Humber,http://landregistry.data.gov.uk/id/region/yorkshire-and-the-humber,E12000003,2017-04,6251,monthly,144242,2017-04-01
Yorkshire and The Humber,http://landregistry.data.gov.uk/id/region/yorkshire-and-the-humber,E12000003,2017-05,6928,monthly,145465,2017-05-01
Yorkshire and The Humber,http://landregistry.data.gov.uk/id/region/yorkshire-and-the-humber,E12000003,2017-06,8581,monthly,146646,2017-06-01
Yorkshire and The Humber,http://landregistry.data.gov.uk/id/region/yorkshire-and-the-humber,E12000003,2017-07,7772,monthly,147317,2017-07-01
Yorkshire and The Humber,http://landregistry.data.gov.uk/id/region/yorkshire-and-the-humber,E12000003,2017-08,8051,monthly,148788,2017-08-01
Yorkshire and The Humber,http://landregistry.data.gov.uk/id/region/yorkshire-and-the-humber,E12000003,2017-09,7655,monthly,148653,2017-09-01
Yorkshire and The Humber,http://landregistry.data.gov.uk/id/region/yorkshire-and-the-humber,E12000003,2017-10,7820,monthly,147677,2017-10-01
Yorkshire and The Humber,http://landregistry.data.gov.uk/id/region/yorkshire-and-the-humber,E12000003,2017-11,7833,monthly,147857,2017-11-01
Yorkshire and The Humber,http://landregistry.data.gov.uk/id/region/yorkshire-and-the-humber,E12000003,2017-12,7722,monthly,149125,2017-12-01
Yorkshire and The Humber,http://landregistry.data.gov.uk/id/region/yorkshire-and-the-humber,E12000003,2018-01,5528,monthly,146727,2018-01-01
Yorkshire and The Humber,http://landregistry.data.gov.uk/id/region/yorkshire-and-the-humber,E12000003,2018-02,5757,monthly,146544,2018-02-01
Yorkshire and The Humber,http://landregistry.data.gov.uk/id/region/yorkshire-and-the-humber,E12000003,2018-03,6950,monthly,147271,2018-03-01
Yorkshire and The Humber,http://landregistry.data.gov.uk/id/region/yorkshire-and-the-humber,E12000003,2018-04,6050,monthly,148179,2018-04-01
Yorkshire and The Humber,http://landregistry.data.gov.uk/id/region/yorkshire-and-the-humber,E12000003,2018-05,6941,monthly,150166,2018-05-01
Yorkshire and The Humber,http://landregistry.data.gov.uk/id/region/yorkshire-and-the-humber,E12000003,2018-06,8060,monthly,151054,2018-06-01
Yorkshire and The Humber,http://landregistry.data.gov.uk/id/region/yorkshire-and-the-humber,E12000003,2018-07,7468,monthly,152499,2018-07-01
Yorkshire and The Humber,http://landregistry.data.gov.uk/id/region/yorkshire-and-the-humber,E12000003,2018-08,8480,monthly,154445,2018-08-01
Yorkshire and The Humber,http://landregistry.data.gov.uk/id/region/yorkshire-and-the-humber,E12000003,2018-09,6862,monthly,152649,2018-09-01
Yorkshire and The Humber,http://landregistry.data.gov.uk/id/region/yorkshire-and-the-humber,E12000003,2018-10,7832,monthly,152245,2018-10-01
Yorkshire and The Humber,http://landregistry.data.gov.uk/id/region/yorkshire-and-the-humber,E12000003,2018-11,8468,monthly,151982,2018-11-01
Yorkshire and The Humber,http://landregistry.data.gov.uk/id/region/yorkshire-and-the-humber,E12000003,2018-12,7433,monthly,152603,2018-12-01
Yorkshire and The Humber,http://landregistry.data.gov.uk/id/region/yorkshire-and-the-humber,E12000003,2019-01,5646,monthly,150919,2019-01-01
Yorkshire and The Humber,http://landregistry.data.gov.uk/id/region/yorkshire-and-the-humber,E12000003,2019-02,6203,monthly,149924,2019-02-01
Yorkshire and The Humber,http://landregistry.data.gov.uk/id/region/yorkshire-and-the-humber,E12000003,2019-03,6802,monthly,151324,2019-03-01
Yorkshire and The Humber,http://landregistry.data.gov.uk/id/region/yorkshire-and-the-humber,E12000003,2019-04,6420,monthly,152328,2019-04-01
Yorkshire and The Humber,http://landregistry.data.gov.uk/id/region/yorkshire-and-the-humber,E12000003,2019-05,7060,monthly,152676,2019-05-01
Yorkshire and The Humber,http://landregistry.data.gov.uk/id/region/yorkshire-and-the-humber,E12000003,2019-06,7222,monthly,154041,2019-06-01
Yorkshire and The Humber,http://landregistry.data.gov.uk/id/region/yorkshire-and-the-humber,E12000003,2019-07,7529,monthly,155294,2019-07-01
Yorkshire and The Humber,http://landregistry.data.gov.uk/id/region/yorkshire-and-the-humber,E12000003,2019-08,7936,monthly,155819,2019-08-01
Yorkshire and The Humber,http://landregistry.data.gov.uk/id/region/yorkshire-and-the-humber,E12000003,2019-09,6866,monthly,155723,2019-09-01
Yorkshire and The Humber,http://landregistry.data.gov.uk/id/region/yorkshire-and-the-humber,E12000003,2019-10,7618,monthly,156458,2019-10-01
Yorkshire and The Humber,http://landregistry.data.gov.uk/id/region/yorkshire-and-the-humber,E12000003,2019-11,7834,monthly,155187,2019-11-01
Yorkshire and The Humber,http://landregistry.data.gov.uk/id/region/yorkshire-and-the-humber,E12000003,2019-12,7313,monthly,155920,2019-12-01
Yorkshire and The Humber,http://landregistry.data.gov.uk/id/region/yorkshire-and-the-humber,E12000003,2020-01,5838,monthly,154883,2020-01-01
Yorkshire and The Humber,http://landregistry.data.gov.uk/id/region/yorkshire-and-the-humber,E12000003,2020-02,5569,monthly,154695,2020-02-01
Yorkshire and The Humber,http://landregistry.data.gov.uk/id/region/yorkshire-and-the-humber,E12000003,2020-03,5554,monthly,155643,2020-03-01
Yorkshire and The Humber,http://landregistry.data.gov.uk/id/region/yorkshire-and-the-humber,E12000003,2020-04,2341,monthly,150730,2020-04-01
Yorkshire and The Humber,http://landregistry.data.gov.uk/id/region/yorkshire-and-the-humber,E12000003,2020-05,3337,monthly,155276,2020-05-01
Yorkshire and The Humber,http://landregistry.data.gov.uk/id/region/yorkshire-and-the-humber,E12000003,2020-06,5015,monthly,158072,2020-06-01
Yorkshire and The Humber,http://landregistry.data.gov.uk/id/region/yorkshire-and-the-humber,E12000003,2020-07,5531,monthly,158824,2020-07-01
Yorkshire and The Humber,http://landregistry.data.gov.uk/id/region/yorkshire-and-the-humber,E12000003,2020-08,5861,monthly,160951,2020-08-01
Yorkshire and The Humber,http://landregistry.data.gov.uk/id/region/yorkshire-and-the-humber,E12000003,2020-09,6532,monthly,161730,2020-09-01
Yorkshire and The Humber,http://landregistry.data.gov.uk/id/region/yorkshire-and-the-humber,E12000003,2020-10,8211,monthly,164114,2020-10-01
Yorkshire and The Humber,http://landregistry.data.gov.uk/id/region/yorkshire-and-the-humber,E12000003,2020-11,7884,monthly,167676,2020-11-01
Yorkshire and The Humber,http://landregistry.data.gov.uk/id/region/yorkshire-and-the-humber,E12000003,2020-12,8328,monthly,168778,2020-12-01
Yorkshire and The Humber,http://landregistry.data.gov.uk/id/region/yorkshire-and-the-humber,E12000003,2021-01,6660,monthly,170388,2021-01-01
Yorkshire and The Humber,http://landregistry.data.gov.uk/id/region/yorkshire-and-the-humber,E12000003,2021-02,8404,monthly,171334,2021-02-01
Yorkshire and The Humber,http://landregistry.data.gov.uk/id/region/yorkshire-and-the-humber,E12000003,2021-03,11158,monthly,172745,2021-03-01
Yorkshire and The Humber,http://landregistry.data.gov.uk/id/region/yorkshire-and-the-humber,E12000003,2021-04,8005,monthly,169361,2021-04-01
Yorkshire and The Humber,http://landregistry.data.gov.uk/id/region/yorkshire-and-the-humber,E12000003,2021-05,7225,monthly,171213,2021-05-01
Yorkshire and The Humber,http://landregistry.data.gov.uk/id/region/yorkshire-and-the-humber,E12000003,2021-06,12697,monthly,184117,2021-06-01
Yorkshire and The Humber,http://landregistry.data.gov.uk/id/region/yorkshire-and-the-humber,E12000003,2021-07,6580,monthly,169009,2021-07-01
Yorkshire and The Humber,http://landregistry.data.gov.uk/id/region/yorkshire-and-the-humber,E12000003,2021-08,7770,monthly,174892,2021-08-01
Yorkshire and The Humber,http://landregistry.data.gov.uk/id/region/yorkshire-and-the-humber,E12000003,2021-09,12331,monthly,183852,2021-09-01
Yorkshire and The Humber,http://landregistry.data.gov.uk/id/region/yorkshire-and-the-humber,E12000003,2021-10,5880,monthly,173741,2021-10-01
Yorkshire and The Humber,http://landregistry.data.gov.uk/id/region/yorkshire-and-the-humber,E12000003,2021-11,6999,monthly,179074,2021-11-01
Yorkshire and The Humber,http://landregistry.data.gov.uk/id/region/yorkshire-and-the-humber,E12000003,2021-12,7645,monthly,180680,2021-12-01
Yorkshire and The Humber,http://landregistry.data.gov.uk/id/region/yorkshire-and-the-humber,E12000003,2022-01,5843,monthly,182226,2022-01-01
Yorkshire and The Humber,http://landregistry.data.gov.uk/id/region/yorkshire-and-the-humber,E12000003,2022-02,6799,monthly,183698,2022-02-01
Yorkshire and The Humber,http://landregistry.data.gov.uk/id/region/yorkshire-and-the-humber,E12000003,2022-03,7111,monthly,183085,2022-03-01
Yorkshire and The Humber,http://landregistry.data.gov.uk/id/region/yorkshire-and-the-humber,E12000003,2022-04,7018,monthly,184986,2022-04-01
Yorkshire and The Humber,http://landregistry.data.gov.uk/id/region/yorkshire-and-the-humber,E12000003,2022-05,6765,monthly,189205,2022-05-01
Yorkshire and The Humber,http://landregistry.data.gov.uk/id/region/yorkshire-and-the-humber,E12000003,2022-06,7211,monthly,190937,2022-06-01
Yorkshire and The Humber,http://landregistry.data.gov.uk/id/region/yorkshire-and-the-humber,E12000003,2022-07,7577,monthly,194228,2022-07-01
Yorkshire and The Humber,http://landregistry.data.gov.uk/id/region/yorkshire-and-the-humber,E12000003,2022-08,7673,monthly,195533,2022-08-01
Yorkshire and The Humber,http://landregistry.data.gov.uk/id/region/yorkshire-and-the-humber,E12000003,2022-09,7744,monthly,196752,2022-09-01
Yorkshire and The Humber,http://landregistry.data.gov.uk/id/region/yorkshire-and-the-humber,E12000003,2022-10,7402,monthly,197361,2022-10-01
Yorkshire and The Humber,http://landregistry.data.gov.uk/id/region/yorkshire-and-the-humber,E12000003,2022-11,7852,monthly,198212,2022-11-01
Yorkshire and The Humber,http://landregistry.data.gov.uk/id/region/yorkshire-and-the-humber,E12000003,2022-12,7192,monthly,197647,2022-12-01
Yorkshire and The Humber,http://landregistry.data.gov.uk/id/region/yorkshire-and-the-humber,E12000003,2023-01,5112,monthly,191628,2023-01-01
Yorkshire and The Humber,http://landregistry.data.gov.uk/id/region/yorkshire-and-the-humber,E12000003,2023-02,5012,monthly,191681,2023-02-01
Yorkshire and The Humber,http://landregistry.data.gov.uk/id/region/yorkshire-and-the-humber,E12000003,2023-03,5879,monthly,187293,2023-03-01
Yorkshire and The Humber,http://landregistry.data.gov.uk/id/region/yorkshire-and-the-humber,E12000003,2023-04,4355,monthly,190374,2023-04-01
Yorkshire and The Humber,http://landregistry.data.gov.uk/id/region/yorkshire-and-the-humber,E12000003,2023-05,4536,monthly,189275,2023-05-01
Yorkshire and The Humber,http://landregistry.data.gov.uk/id/region/yorkshire-and-the-humber,E12000003,2023-06,6118,monthly,193446,2023-06-01
Yorkshire and The Humber,http://landregistry.data.gov.uk/id/region/yorkshire-and-the-humber,E12000003,2023-07,5472,monthly,195102,2023-07-01
Yorkshire and The Humber,http://landregistry.data.gov.uk/id/region/yorkshire-and-the-humber,E12000003,2023-08,6032,monthly,197800,2023-08-01
Yorkshire and The Humber,http://landregistry.data.gov.uk/id/region/yorkshire-and-the-humber,E12000003,2023-09,5808,monthly,194270,2023-09-01
Yorkshire and The Humber,http://landregistry.data.gov.uk/id/region/yorkshire-and-the-humber,E12000003,2023-10,5717,monthly,195381,2023-10-01
Yorkshire and The Humber,http://landregistry.data.gov.uk/id/region/yorkshire-and-the-humber,E12000003,2023-11,5652,monthly,193998,2023-11-01
Yorkshire and The Humber,http://landregistry.data.gov.uk/id/region/yorkshire-and-the-humber,E12000003,2023-12,5446,monthly,192662,2023-12-01
Yorkshire and The Humber,http://landregistry.data.gov.uk/id/region/yorkshire-and-the-humber,E12000003,2024-01,4272,monthly,191618,2024-01-01
Yorkshire and The Humber,http://landregistry.data.gov.uk/id/region/yorkshire-and-the-humber,E12000003,2024-02,4734,monthly,191087,2024-02-01
Yorkshire and The Humber,http://landregistry.data.gov.uk/id/region/yorkshire-and-the-humber,E12000003,2024-03,5534,monthly,192827,2024-03-01
Yorkshire and The Humber,http://landregistry.data.gov.uk/id/region/yorkshire-and-the-humber,E12000003,2024-04,4804,monthly,191916,2024-04-01
Yorkshire and The Humber,http://landregistry.data.gov.uk/id/region/yorkshire-and-the-humber,E12000003,2024-05,6113,monthly,193994,2024-05-01
Yorkshire and The Humber,http://landregistry.data.gov.uk/id/region/yorkshire-and-the-humber,E12000003,2024-06,6120,monthly,197974,2024-06-01
Yorkshire and The Humber,http://landregistry.data.gov.uk/id/region/yorkshire-and-the-humber,E12000003,2024-07,6613,monthly,197976,2024-07-01
Yorkshire and The Humber,http://landregistry.data.gov.uk/id/region/yorkshire-and-the-humber,E12000003,2024-08,6997,monthly,201974,2024-08-01
Yorkshire and The Humber,http://landregistry.data.gov.uk/id/region/yorkshire-and-the-humber,E12000003,2024-09,6102,monthly,199005,2024-09-01
Yorkshire and The Humber,http://landregistry.data.gov.uk/id/region/yorkshire-and-the-humber,E12000003,2024-10,7016,monthly,200113,2024-10-01
Yorkshire and The Humber,http://landregistry.data.gov.uk/id/region/yorkshire-and-the-humber,E12000003,2024-11,6474,monthly,202486,2024-11-01
Yorkshire and The Humber,http://landregistry.data.gov.uk/id/region/yorkshire-and-the-humber,E12000003,2024-12,6092,monthly,202778,2024-12-01
Yorkshire and The Humber,http://landregistry.data.gov.uk/id/region/yorkshire-and-the-humber,E12000003,2025-01,4468,monthly,200636,2025-01-01
Yorkshire and The Humber,http://landregistry.data.gov.uk/id/region/yorkshire-and-the-humber,E12000003,2025-02,5110,monthly,203877,2025-02-01
Yorkshire and The Humber,http://landregistry.data.gov.uk/id/region/yorkshire-and-the-humber,E12000003,2025-03,8146,monthly,209905,2025-03-01
Yorkshire and The Humber,http://landregistry.data.gov.uk/id/region/yorkshire-and-the-humber,E12000003,2025-04,2296,monthly,197516,2025-04-01
Yorkshire and The Humber,http://landregistry.data.gov.uk/id/region/yorkshire-and-the-humber,E12000003,2025-05,3514,monthly,202129,2025-05-01
Yorkshire and The Humber,http://landregistry.data.gov.uk/id/region/yorkshire-and-the-humber,E12000003,2025-06,3748,monthly,203279,2025-06-01
Yorkshire and The Humber,http://landregistry.data.gov.uk/id/region/yorkshire-and-the-humber,E12000003,2025-07,,monthly,205459,2025-07-01
Yorkshire and The Humber,http://landregistry.data.gov.uk/id/region/yorkshire-and-the-humber,E12000003,2025-08,,monthly,207330,2025-08-01
